---
source: crates/engine/src/parser/oracle_ir/snapshot_tests.rs
expression: "&ir"
---
{
  "items": [
    {
      "id": 0,
      "source": {
        "id": {
          "item": 0,
          "ordinal": 0
        },
        "span": {
          "first_line": 0,
          "last_line": 0,
          "start_byte": 0,
          "end_byte": 71,
          "precision": "WholeDocument",
          "ordinal_within_span": 0
        }
      },
      "node": {
        "PreLoweredSpell": {
          "kind": "Spell",
          "effect": {
            "type": "Unimplemented",
            "name": "unknown",
            "description": "Flying, first strike, lifelink, protection from Demons and from Dragons"
          },
          "cost": null,
          "sub_ability": null,
          "duration": null,
          "description": "Flying, first strike, lifelink, protection from Demons and from Dragons",
          "target_prompt": null,
          "condition": null,
          "optional_targeting": false,
          "optional": false,
          "forward_result": false
        }
      }
    }
  ],
  "source_text": "Flying, first strike, lifelink, protection from Demons and from Dragons",
  "card_name": "Baneslayer Angel"
}
