---
source: crates/engine/src/parser/oracle_ir/snapshot_tests.rs
expression: "&ir"
---
{
  "items": [
    {
      "id": 0,
      "source": {
        "id": {
          "item": 0,
          "ordinal": 0
        },
        "span": {
          "first_line": 0,
          "last_line": 0,
          "start_byte": 0,
          "end_byte": 30,
          "precision": "Exact",
          "ordinal_within_span": 0
        },
        "fragment": "This spell can't be countered."
      },
      "node": {
        "Static": {
          "definition": {
            "mode": "CantBeCountered",
            "affected": {
              "type": "SelfRef"
            },
            "modifications": [],
            "condition": null,
            "affected_zone": null,
            "effect_zone": null,
            "active_zones": [],
            "characteristic_defining": false,
            "description": "This spell can't be countered."
          },
          "source_text": "This spell can't be countered.",
          "body_ir": null
        }
      }
    },
    {
      "id": 1,
      "source": {
        "id": {
          "item": 1,
          "ordinal": 0
        },
        "span": {
          "first_line": 1,
          "last_line": 1,
          "start_byte": 31,
          "end_byte": 201,
          "precision": "Exact",
          "ordinal_within_span": 0
        },
        "fragment": "The next creature spell you cast this turn can be cast as though it had flash. That spell can't be countered. That creature enters with an additional +1/+1 counter on it."
      },
      "node": {
        "Replacement": {
          "definition": {
            "event": "Moved",
            "execute": {
              "kind": "Spell",
              "effect": {
                "type": "PutCounter",
                "counter_type": "P1P1",
                "count": {
                  "type": "Fixed",
                  "value": 1
                },
                "target": {
                  "type": "SelfRef"
                }
              },
              "cost": null,
              "sub_ability": null,
              "duration": null,
              "description": null,
              "target_prompt": null,
              "condition": null,
              "optional_targeting": false,
              "optional": false,
              "forward_result": false
            },
            "mode": {
              "type": "Mandatory"
            },
            "valid_card": {
              "type": "SelfRef"
            },
            "description": "The next creature spell you cast this turn can be cast as though it had flash. That spell can't be countered. That creature enters with an additional +1/+1 counter on it.",
            "condition": null,
            "destination_zone": "Battlefield"
          },
          "source_text": "The next creature spell you cast this turn can be cast as though it had flash. That spell can't be countered. That creature enters with an additional +1/+1 counter on it.",
          "execute_ir": null
        }
      }
    }
  ],
  "source_text": "This spell can't be countered.\nThe next creature spell you cast this turn can be cast as though it had flash. That spell can't be countered. That creature enters with an additional +1/+1 counter on it.",
  "card_name": "Savage Summoning"
}
