---
source: crates/engine/src/parser/oracle_ir/snapshot_tests.rs
expression: "&ir"
---
{
  "items": [
    {
      "id": 0,
      "source": {
        "id": {
          "item": 0,
          "ordinal": 0
        },
        "span": {
          "first_line": 0,
          "last_line": 1,
          "start_byte": 0,
          "end_byte": 88,
          "precision": "WholeDocument",
          "ordinal_within_span": 0
        }
      },
      "node": {
        "PreLoweredSpell": {
          "kind": "Spell",
          "effect": {
            "type": "Destroy",
            "target": {
              "type": "Typed",
              "type_filters": [
                "Creature"
              ],
              "controller": null,
              "properties": []
            },
            "cant_regenerate": false
          },
          "cost": null,
          "sub_ability": null,
          "duration": null,
          "description": "Destroy target creature.",
          "target_prompt": null,
          "condition": null,
          "optional_targeting": false,
          "optional": false,
          "forward_result": false
        }
      }
    },
    {
      "id": 1,
      "source": {
        "id": {
          "item": 1,
          "ordinal": 0
        },
        "span": {
          "first_line": 0,
          "last_line": 1,
          "start_byte": 0,
          "end_byte": 88,
          "precision": "WholeDocument",
          "ordinal_within_span": 1
        }
      },
      "node": {
        "AdditionalCost": {
          "type": "Required",
          "data": {
            "type": "Sacrifice",
            "target": {
              "type": "Typed",
              "type_filters": [
                "Creature"
              ],
              "controller": null,
              "properties": []
            },
            "count": 1
          }
        }
      }
    }
  ],
  "source_text": "As an additional cost to cast this spell, sacrifice a creature.\nDestroy target creature.",
  "card_name": "Bone Splinters"
}
