---
source: crates/engine/src/parser/oracle_ir/snapshot_tests.rs
expression: "&ir"
---
{
  "items": [
    {
      "id": 0,
      "source": {
        "id": {
          "item": 0,
          "ordinal": 0
        },
        "span": {
          "first_line": 0,
          "last_line": 2,
          "start_byte": 0,
          "end_byte": 233,
          "precision": "WholeDocument",
          "ordinal_within_span": 0
        }
      },
      "node": {
        "PreLoweredSpell": {
          "kind": "Spell",
          "effect": {
            "type": "Unimplemented",
            "name": "unknown",
            "description": "Flying"
          },
          "cost": null,
          "sub_ability": null,
          "duration": null,
          "description": "Flying",
          "target_prompt": null,
          "condition": null,
          "optional_targeting": false,
          "optional": false,
          "forward_result": false
        }
      }
    },
    {
      "id": 1,
      "source": {
        "id": {
          "item": 1,
          "ordinal": 0
        },
        "span": {
          "first_line": 0,
          "last_line": 2,
          "start_byte": 0,
          "end_byte": 233,
          "precision": "WholeDocument",
          "ordinal_within_span": 1
        }
      },
      "node": {
        "PreLoweredTrigger": {
          "mode": "AttacksOrBlocks",
          "execute": {
            "kind": "Spell",
            "effect": {
              "type": "Draw",
              "count": {
                "type": "Fixed",
                "value": 1
              },
              "target": {
                "type": "Controller"
              }
            },
            "cost": null,
            "sub_ability": {
              "kind": "Spell",
              "effect": {
                "type": "Discard",
                "count": {
                  "type": "Fixed",
                  "value": 1
                },
                "target": {
                  "type": "Controller"
                }
              },
              "cost": null,
              "sub_ability": null,
              "duration": null,
              "description": null,
              "target_prompt": null,
              "condition": {
                "type": "EffectOutcome",
                "signal": "OptionalEffectPerformed"
              },
              "optional_targeting": false,
              "optional": false,
              "forward_result": false,
              "sub_link": "SequentialSibling"
            },
            "duration": null,
            "description": null,
            "target_prompt": null,
            "condition": null,
            "optional_targeting": false,
            "optional": true,
            "forward_result": false
          },
          "valid_card": {
            "type": "SelfRef"
          },
          "origin": null,
          "destination": null,
          "trigger_zones": [
            "Battlefield"
          ],
          "phase": null,
          "optional": true,
          "damage_kind": "Any",
          "secondary": false,
          "valid_target": null,
          "valid_source": null,
          "description": "Whenever ~ attacks or blocks, you may draw a card. If you do, discard a card.",
          "constraint": null,
          "condition": null,
          "batched": false
        }
      }
    },
    {
      "id": 2,
      "source": {
        "id": {
          "item": 2,
          "ordinal": 0
        },
        "span": {
          "first_line": 0,
          "last_line": 2,
          "start_byte": 0,
          "end_byte": 233,
          "precision": "WholeDocument",
          "ordinal_within_span": 2
        }
      },
      "node": {
        "Keyword": {
          "Crew": {
            "power": 1,
            "once_per_turn": null
          }
        }
      }
    }
  ],
  "source_text": "Flying\nWhenever this Vehicle attacks or blocks, you may draw a card. If you do, discard a card.\nCrew 1 (Tap any number of creatures you control with total power 1 or more: This Vehicle becomes an artifact creature until end of turn.)",
  "card_name": "Smuggler's Copter"
}
