---
source: crates/engine/src/parser/oracle_ir/snapshot_tests.rs
expression: "&ir"
---
{
  "items": [
    {
      "id": 0,
      "source": {
        "id": {
          "item": 0,
          "ordinal": 0
        },
        "span": {
          "first_line": 0,
          "last_line": 1,
          "start_byte": 0,
          "end_byte": 152,
          "precision": "WholeDocument",
          "ordinal_within_span": 0
        }
      },
      "node": {
        "PreLoweredSpell": {
          "kind": "Spell",
          "effect": {
            "type": "Bounce",
            "target": {
              "type": "Typed",
              "type_filters": [
                "Creature"
              ],
              "controller": null,
              "properties": [
                {
                  "type": "Attacking"
                }
              ]
            },
            "destination": null
          },
          "cost": null,
          "sub_ability": null,
          "duration": null,
          "description": "Return target attacking creature to its owner's hand.",
          "target_prompt": null,
          "condition": null,
          "optional_targeting": false,
          "optional": false,
          "forward_result": false
        }
      }
    },
    {
      "id": 1,
      "source": {
        "id": {
          "item": 1,
          "ordinal": 0
        },
        "span": {
          "first_line": 0,
          "last_line": 1,
          "start_byte": 0,
          "end_byte": 152,
          "precision": "WholeDocument",
          "ordinal_within_span": 1
        }
      },
      "node": {
        "CastingRestriction": {
          "type": "DeclareAttackersStep"
        }
      }
    },
    {
      "id": 2,
      "source": {
        "id": {
          "item": 2,
          "ordinal": 0
        },
        "span": {
          "first_line": 0,
          "last_line": 1,
          "start_byte": 0,
          "end_byte": 152,
          "precision": "WholeDocument",
          "ordinal_within_span": 2
        }
      },
      "node": {
        "CastingRestriction": {
          "type": "RequiresCondition",
          "data": {
            "condition": {
              "type": "BeenAttackedThisStep"
            }
          }
        }
      }
    }
  ],
  "source_text": "Cast this spell only during the declare attackers step and only if you've been attacked this step.\nReturn target attacking creature to its owner's hand.",
  "card_name": "Champion's Victory"
}
