---
source: crates/engine/src/parser/oracle_ir/snapshot_tests.rs
expression: "&ir"
---
{
  "items": [
    {
      "id": 0,
      "source": {
        "id": {
          "item": 0,
          "ordinal": 0
        },
        "span": {
          "first_line": 0,
          "last_line": 0,
          "start_byte": 0,
          "end_byte": 88,
          "precision": "Exact",
          "ordinal_within_span": 0
        },
        "fragment": "If this card is in your opening hand, you may begin the game with it on the battlefield."
      },
      "node": {
        "PreLoweredSpell": {
          "kind": "BeginGame",
          "effect": {
            "type": "ChangeZone",
            "origin": "Hand",
            "destination": "Battlefield",
            "target": {
              "type": "SelfRef"
            },
            "owner_library": false,
            "enter_transformed": false,
            "enter_tapped": false,
            "enters_attacking": false
          },
          "cost": null,
          "sub_ability": null,
          "duration": null,
          "description": "If this card is in your opening hand, you may begin the game with it on the battlefield.",
          "target_prompt": null,
          "condition": null,
          "optional_targeting": false,
          "optional": true,
          "forward_result": false
        }
      }
    },
    {
      "id": 1,
      "source": {
        "id": {
          "item": 1,
          "ordinal": 0
        },
        "span": {
          "first_line": 1,
          "last_line": 1,
          "start_byte": 89,
          "end_byte": 134,
          "precision": "Exact",
          "ordinal_within_span": 0
        },
        "fragment": "You may cast spells as though they had flash."
      },
      "node": {
        "Static": {
          "definition": {
            "mode": {
              "CastWithKeyword": {
                "keyword": "Flash"
              }
            },
            "affected": {
              "type": "Typed",
              "type_filters": [
                "Card"
              ],
              "controller": "You",
              "properties": []
            },
            "modifications": [],
            "condition": null,
            "affected_zone": null,
            "effect_zone": null,
            "active_zones": [
              "Battlefield"
            ],
            "characteristic_defining": false,
            "description": "You may cast spells as though they had flash."
          },
          "source_text": "You may cast spells as though they had flash.",
          "body_ir": null
        }
      }
    }
  ],
  "source_text": "If this card is in your opening hand, you may begin the game with it on the battlefield.\nYou may cast spells as though they had flash.",
  "card_name": "Leyline of Anticipation"
}
