---
source: crates/engine/src/parser/oracle_ir/snapshot_tests.rs
assertion_line: 981
expression: "&ir"
---
{
  "items": [
    {
      "id": 0,
      "source": {
        "id": {
          "item": 0,
          "ordinal": 0
        },
        "span": {
          "first_line": 0,
          "last_line": 0,
          "start_byte": 0,
          "end_byte": 37,
          "precision": "Exact",
          "ordinal_within_span": 0
        },
        "fragment": "~ enters with X +1/+1 counters on it."
      },
      "node": {
        "Replacement": {
          "definition": {
            "event": "Moved",
            "execute": {
              "kind": "Spell",
              "effect": {
                "type": "PutCounter",
                "counter_type": "P1P1",
                "count": {
                  "type": "Ref",
                  "qty": {
                    "type": "CostXPaid"
                  }
                },
                "target": {
                  "type": "SelfRef"
                }
              },
              "cost": null,
              "sub_ability": null,
              "duration": null,
              "description": null,
              "target_prompt": null,
              "condition": null,
              "optional_targeting": false,
              "optional": false,
              "forward_result": false
            },
            "mode": {
              "type": "Mandatory"
            },
            "valid_card": {
              "type": "SelfRef"
            },
            "description": "~ enters with X +1/+1 counters on it.",
            "condition": null,
            "destination_zone": "Battlefield"
          },
          "source_text": "~ enters with X +1/+1 counters on it.",
          "execute_ir": null
        }
      }
    },
    {
      "id": 1,
      "source": {
        "id": {
          "item": 1,
          "ordinal": 0
        },
        "span": {
          "first_line": 1,
          "last_line": 1,
          "start_byte": 38,
          "end_byte": 68,
          "precision": "Exact",
          "ordinal_within_span": 0
        },
        "fragment": "{4}: Put a +1/+1 counter on ~."
      },
      "node": {
        "PreLoweredSpell": {
          "kind": "Activated",
          "effect": {
            "type": "PutCounter",
            "counter_type": "P1P1",
            "count": {
              "type": "Fixed",
              "value": 1
            },
            "target": {
              "type": "SelfRef"
            }
          },
          "cost": {
            "type": "Mana",
            "cost": {
              "type": "Cost",
              "shards": [],
              "generic": 4
            }
          },
          "sub_ability": null,
          "duration": null,
          "description": "{4}: Put a +1/+1 counter on ~.",
          "target_prompt": null,
          "condition": null,
          "optional_targeting": false,
          "optional": false,
          "forward_result": false
        }
      }
    },
    {
      "id": 2,
      "source": {
        "id": {
          "item": 2,
          "ordinal": 0
        },
        "span": {
          "first_line": 2,
          "last_line": 2,
          "start_byte": 69,
          "end_byte": 132,
          "precision": "Exact",
          "ordinal_within_span": 0
        },
        "fragment": "Remove a +1/+1 counter from ~: It deals 1 damage to any target."
      },
      "node": {
        "PreLoweredSpell": {
          "kind": "Activated",
          "effect": {
            "type": "DealDamage",
            "amount": {
              "type": "Fixed",
              "value": 1
            },
            "target": {
              "type": "Any"
            }
          },
          "cost": {
            "type": "RemoveCounter",
            "count": 1,
            "counter_type": {
              "type": "OfType",
              "data": "P1P1"
            },
            "target": null,
            "selection": "SingleObject"
          },
          "sub_ability": null,
          "duration": null,
          "description": "Remove a +1/+1 counter from ~: It deals 1 damage to any target.",
          "target_prompt": null,
          "condition": null,
          "optional_targeting": false,
          "optional": false,
          "forward_result": false
        }
      }
    }
  ],
  "source_text": "This creature enters with X +1/+1 counters on it.\n{4}: Put a +1/+1 counter on this creature.\nRemove a +1/+1 counter from this creature: It deals 1 damage to any target.",
  "card_name": "Walking Ballista"
}
