---
source: crates/engine/src/parser/oracle_ir/snapshot_tests.rs
expression: "&ir"
---
{
  "items": [
    {
      "id": 0,
      "source": {
        "id": {
          "item": 0,
          "ordinal": 0
        },
        "span": {
          "first_line": 0,
          "last_line": 2,
          "start_byte": 0,
          "end_byte": 239,
          "precision": "WholeDocument",
          "ordinal_within_span": 0
        }
      },
      "node": {
        "PreLoweredTrigger": {
          "mode": "ChangesZone",
          "execute": {
            "kind": "Spell",
            "effect": {
              "type": "Discard",
              "count": {
                "type": "Fixed",
                "value": 1
              },
              "target": {
                "type": "Controller"
              }
            },
            "cost": null,
            "sub_ability": {
              "kind": "Spell",
              "effect": {
                "type": "Draw",
                "count": {
                  "type": "Fixed",
                  "value": 2
                },
                "target": {
                  "type": "Controller"
                }
              },
              "cost": null,
              "sub_ability": null,
              "duration": null,
              "description": null,
              "target_prompt": null,
              "condition": null,
              "optional_targeting": false,
              "optional": false,
              "forward_result": false
            },
            "duration": null,
            "description": null,
            "target_prompt": null,
            "condition": null,
            "optional_targeting": false,
            "optional": false,
            "forward_result": false
          },
          "valid_card": {
            "type": "SelfRef"
          },
          "origin": null,
          "destination": "Battlefield",
          "trigger_zones": [
            "Battlefield"
          ],
          "phase": null,
          "optional": false,
          "damage_kind": "Any",
          "secondary": false,
          "valid_target": null,
          "valid_source": null,
          "description": "When this ~ enters, discard a card, then draw two cards.",
          "constraint": null,
          "condition": null,
          "batched": false
        }
      }
    },
    {
      "id": 1,
      "source": {
        "id": {
          "item": 1,
          "ordinal": 0
        },
        "span": {
          "first_line": 0,
          "last_line": 2,
          "start_byte": 0,
          "end_byte": 239,
          "precision": "WholeDocument",
          "ordinal_within_span": 1
        }
      },
      "node": {
        "PreLoweredTrigger": {
          "mode": "Phase",
          "execute": {
            "kind": "Spell",
            "effect": {
              "type": "Discard",
              "count": {
                "type": "Ref",
                "qty": {
                  "type": "HandSize",
                  "player": {
                    "type": "Controller"
                  }
                }
              },
              "target": {
                "type": "Controller"
              }
            },
            "cost": null,
            "sub_ability": {
              "kind": "Spell",
              "effect": {
                "type": "Draw",
                "count": {
                  "type": "Fixed",
                  "value": 2
                },
                "target": {
                  "type": "Controller"
                }
              },
              "cost": null,
              "sub_ability": null,
              "duration": null,
              "description": null,
              "target_prompt": null,
              "condition": null,
              "optional_targeting": false,
              "optional": false,
              "forward_result": false
            },
            "duration": null,
            "description": null,
            "target_prompt": null,
            "condition": null,
            "optional_targeting": false,
            "optional": false,
            "forward_result": false
          },
          "valid_card": null,
          "origin": null,
          "destination": null,
          "trigger_zones": [
            "Battlefield"
          ],
          "phase": "Upkeep",
          "optional": false,
          "damage_kind": "Any",
          "secondary": false,
          "valid_target": null,
          "valid_source": null,
          "description": "At the beginning of your upkeep, discard your hand, then draw two cards.",
          "constraint": {
            "type": "OnlyDuringYourTurn"
          },
          "condition": null,
          "batched": false
        }
      }
    },
    {
      "id": 2,
      "source": {
        "id": {
          "item": 2,
          "ordinal": 0
        },
        "span": {
          "first_line": 0,
          "last_line": 2,
          "start_byte": 0,
          "end_byte": 239,
          "precision": "WholeDocument",
          "ordinal_within_span": 2
        }
      },
      "node": {
        "SolveCondition": {
          "type": "Condition",
          "condition": {
            "type": "QuantityComparison",
            "lhs": {
              "type": "Ref",
              "qty": {
                "type": "HandSize",
                "player": {
                  "type": "Controller"
                }
              }
            },
            "comparator": "EQ",
            "rhs": {
              "type": "Fixed",
              "value": 0
            }
          }
        }
      }
    }
  ],
  "source_text": "When this Case enters, discard a card, then draw two cards.\nTo solve — You have no cards in hand. (If unsolved, solve at the beginning of your end step.)\nSolved — At the beginning of your upkeep, discard your hand, then draw two cards.",
  "card_name": "Case of the Crimson Pulse"
}
