---
source: crates/engine/src/parser/oracle_ir/snapshot_tests.rs
expression: "&ir"
---
{
  "items": [
    {
      "id": 0,
      "source": {
        "id": {
          "item": 0,
          "ordinal": 0
        },
        "span": {
          "first_line": 0,
          "last_line": 0,
          "start_byte": 0,
          "end_byte": 126,
          "precision": "Exact",
          "ordinal_within_span": 0
        },
        "fragment": "~'s power is equal to the number of card types among cards in all graveyards and its toughness is equal to that number plus 1."
      },
      "node": {
        "Static": {
          "definition": {
            "mode": "Continuous",
            "affected": {
              "type": "SelfRef"
            },
            "modifications": [
              {
                "type": "SetDynamicPower",
                "value": {
                  "type": "Ref",
                  "qty": {
                    "type": "DistinctCardTypes",
                    "source": {
                      "type": "Zone",
                      "zone": "Graveyard",
                      "scope": "All"
                    }
                  }
                }
              },
              {
                "type": "SetDynamicToughness",
                "value": {
                  "type": "Offset",
                  "inner": {
                    "type": "Ref",
                    "qty": {
                      "type": "DistinctCardTypes",
                      "source": {
                        "type": "Zone",
                        "zone": "Graveyard",
                        "scope": "All"
                      }
                    }
                  },
                  "offset": 1
                }
              }
            ],
            "condition": null,
            "affected_zone": null,
            "effect_zone": null,
            "active_zones": [],
            "characteristic_defining": true,
            "description": "~'s power is equal to the number of card types among cards in all graveyards and its toughness is equal to that number plus 1."
          },
          "source_text": "~'s power is equal to the number of card types among cards in all graveyards and its toughness is equal to that number plus 1.",
          "body_ir": null
        }
      }
    }
  ],
  "source_text": "Tarmogoyf's power is equal to the number of card types among cards in all graveyards and its toughness is equal to that number plus 1.",
  "card_name": "Tarmogoyf"
}
